   Γû▓ Next.js 15.1.12
   - Environments: .env.local

   Creating an optimized production build ...
node.exe : Failed to compile.
At C:\Users\kkavi\AppData\Roaming\npm\npx.ps1:24 char:5
+     & "node$exe"  
"$basedir/node_modules/npm/bin/npx-cli.js" $args
+     ~~~~~~~~~~~~~~~~~~~~~~~~~~~~~~~~~~~~~~~~~~~~~~~~~~
~~~~~~~~~~~~
    + CategoryInfo          : NotSpecified: (Failed to  
   compile.:String) [], RemoteException
    + FullyQualifiedErrorId : NativeCommandError
 

Error: EISDIR: illegal operation on a directory, 
readlink 'E:\Sunny React 
Projects\Wanderpals\app\api\health\route.ts'


> Build failed because of webpack errors
