components/landing/scene-hero-visual.tsx(37,26): error TS2769: No overload matches this call.
  Overload 1 of 5, '(inputValue: MotionValue<number>, inputRange: InputRange, outputMap: Record<string, any[]>, options?: TransformOptions<any> | undefined): { ...; }', gave the following error.
    Argument of type 'MotionValue<number> | { get: () => number; }' is not assignable to parameter of type 'MotionValue<number>'.
      Type '{ get: () => number; }' is missing the following properties from type 'MotionValue<number>': current, prev, prevFrameValue, updatedAt, and 24 more.
  Overload 2 of 5, '(value: MotionValue<number>, inputRange: InputRange, outputRange: string[], options?: TransformOptions<string> | undefined): MotionValue<...>', gave the following error.
    Argument of type 'MotionValue<number> | { get: () => number; }' is not assignable to parameter of type 'MotionValue<number>'.
      Type '{ get: () => number; }' is missing the following properties from type 'MotionValue<number>': current, prev, prevFrameValue, updatedAt, and 24 more.
components/landing/scene-hero-visual.tsx(38,30): error TS2769: No overload matches this call.
  Overload 1 of 5, '(inputValue: MotionValue<number>, inputRange: InputRange, outputMap: Record<string, any[]>, options?: TransformOptions<any> | undefined): { ...; }', gave the following error.
    Argument of type 'MotionValue<number> | { get: () => number; }' is not assignable to parameter of type 'MotionValue<number>'.
      Type '{ get: () => number; }' is missing the following properties from type 'MotionValue<number>': current, prev, prevFrameValue, updatedAt, and 24 more.
  Overload 2 of 5, '(value: MotionValue<number>, inputRange: InputRange, outputRange: number[], options?: TransformOptions<number> | undefined): MotionValue<...>', gave the following error.
    Argument of type 'MotionValue<number> | { get: () => number; }' is not assignable to parameter of type 'MotionValue<number>'.
      Type '{ get: () => number; }' is missing the following properties from type 'MotionValue<number>': current, prev, prevFrameValue, updatedAt, and 24 more.
components/landing/scene-hero-visual.tsx(42,16): error TS2322: Type '{ [x: string]: MotionValue<any>; }' is not assignable to type 'MotionValueHelper<AnyResolvedKeyframe | undefined>'.
  Type '{ [x: string]: MotionValue<any>; }' is missing the following properties from type 'MotionValue<any>': current, prev, prevFrameValue, updatedAt, and 25 more.
components/landing/scene-hero-visual.tsx(42,19): error TS2322: Type '{ [x: string]: MotionValue<any>; }' is not assignable to type 'MotionValueHelper<AnyResolvedKeyframe | undefined>'.
  Type '{ [x: string]: MotionValue<any>; }' is missing the following properties from type 'MotionValue<any>': current, prev, prevFrameValue, updatedAt, and 25 more.
components/ui/calendar.tsx(189,6): error TS2322: Type '{ disabled?: boolean | undefined; form?: string | undefined; formAction?: string | ((formData: FormData) => void | Promise<void>) | undefined; formEncType?: string | undefined; ... 292 more ...; className: string; }' is not assignable to type 'Omit<ButtonProps, "ref">'.
  Types of property 'onDrag' are incompatible.
    Type 'DragEventHandler<HTMLButtonElement> | undefined' is not assignable to type '((event: MouseEvent | TouchEvent | PointerEvent, info: PanInfo) => void) | undefined'.
      Type 'DragEventHandler<HTMLButtonElement>' is not assignable to type '(event: MouseEvent | TouchEvent | PointerEvent, info: PanInfo) => void'.
        Types of parameters 'event' and 'event' are incompatible.
          Type 'MouseEvent | TouchEvent | PointerEvent' is not assignable to type 'DragEvent<HTMLButtonElement>'.
            Type 'MouseEvent' is missing the following properties from type 'DragEvent<HTMLButtonElement>': dataTransfer, nativeEvent, isDefaultPrevented, isPropagationStopped, persist
